// Jest Snapshot v1, https://goo.gl/fbAQLP

exports[`Backdrop renders when open 1`] = `
<View
  style={
    [
      {
        "alignItems": "center",
        "backgroundColor": "rgba(0,0,0,0.5)",
        "bottom": 0,
        "justifyContent": "center",
        "left": 0,
        "position": "absolute",
        "right": 0,
        "top": 0,
        "zIndex": 1000,
      },
      undefined,
    ]
  }
/>
`;
