// Jest Snapshot v1, https://goo.gl/fbAQLP

exports[`Slider renders with value 1`] = `
<View>
  <View
    onLayout={[Function]}
    style={
      [
        [
          {
            "height": 40,
          },
          {
            "height": 40,
            "width": "100%",
          },
        ],
        {
          "justifyContent": "center",
        },
      ]
    }
  >
    <RNCSlider
      disabled={false}
      inverted={false}
      lowerLimit={-9007199254740991}
      maximumTrackTintColor="#E5E5EA"
      maximumValue={100}
      minimumTrackTintColor="#007AFF"
      minimumValue={0}
      onChange={[Function]}
      onRNCSliderAccessibilityAction={null}
      onRNCSliderSlidingComplete={null}
      onRNCSliderSlidingStart={null}
      onRNCSliderValueChange={[Function]}
      onResponderTerminationRequest={[Function]}
      onStartShouldSetResponder={[Function]}
      step={1}
      style={
        [
          {
            "width": 0,
            "zIndex": 1,
          },
          {
            "height": 40,
          },
          {
            "alignContent": "center",
            "alignItems": "center",
          },
        ]
      }
      tapToSeek={false}
      thumbImage={null}
      thumbTintColor="#007AFF"
      upperLimit={9007199254740991}
      value={0.5}
    />
  </View>
</View>
`;
